Disk /dev/sda: 1,82 TiB, 2000398934016 bytes, 3907029168 sectors
Disk model: Hitachi HDS72302
Units: sectors of 1 * 512 = 512 bytes
Sector size (logical/physical): 512 bytes / 512 bytes
I/O size (minimum/optimal): 512 bytes / 512 bytes
Disklabel type: dos
Disk identifier: 0x15bb56f2

Device     Boot Start        End    Sectors  Size Id Type
/dev/sda1  *     2048 3907024064 3907022017  1,8T 83 Linux


Disk /dev/sdd: 7,28 TiB, 8001563222016 bytes, 15628053168 sectors
Disk model: WDC WD80EFZZ-68B
Units: sectors of 1 * 512 = 512 bytes
Sector size (logical/physical): 512 bytes / 4096 bytes
I/O size (minimum/optimal): 4096 bytes / 4096 bytes
Disklabel type: gpt
Disk identifier: F18E2C76-1362-4946-AC9D-BF8831C6F541

Device     Start         End     Sectors  Size Type
/dev/sdd1   2048 15628053134 15628051087  7,3T Linux filesystem


Disk /dev/sdf: 7,28 TiB, 8001563222016 bytes, 15628053168 sectors
Disk model: WDC WD80EFZZ-68B
Units: sectors of 1 * 512 = 512 bytes
Sector size (logical/physical): 512 bytes / 4096 bytes
I/O size (minimum/optimal): 4096 bytes / 4096 bytes
Disklabel type: gpt
Disk identifier: 23DD1CD8-1A7D-4735-81E4-05F55311E517

Device     Start         End     Sectors  Size Type
/dev/sdf1   2048 15628053134 15628051087  7,3T Linux filesystem


Disk /dev/sde: 1,82 TiB, 2000398934016 bytes, 3907029168 sectors
Disk model: Hitachi HDS72302
Units: sectors of 1 * 512 = 512 bytes
Sector size (logical/physical): 512 bytes / 512 bytes
I/O size (minimum/optimal): 512 bytes / 512 bytes
Disklabel type: gpt
Disk identifier: 63C0283B-FECA-4943-BCA6-AEA7224BF7A7

Device     Start        End    Sectors  Size Type
/dev/sde1   2048 3907028991 3907026944  1,8T Microsoft basic data


Disk /dev/sdc: 3,64 TiB, 4000787030016 bytes, 7814037168 sectors
Disk model: WDC WD40EFZX-68A
Units: sectors of 1 * 512 = 512 bytes
Sector size (logical/physical): 512 bytes / 4096 bytes
I/O size (minimum/optimal): 4096 bytes / 4096 bytes
Disklabel type: gpt
Disk identifier: 1084DCD3-BD44-4FA7-ADA7-B4D3484A4A7C

Device     Start        End    Sectors  Size Type
/dev/sdc1     34      32767      32734   16M Microsoft reserved
/dev/sdc2  32768 7814033407 7814000640  3,6T Microsoft basic data

Partition 1 does not start on physical sector boundary.


Disk /dev/sdb: 3,64 TiB, 4000787030016 bytes, 7814037168 sectors
Disk model: ST4000DM004-2U91
Units: sectors of 1 * 512 = 512 bytes
Sector size (logical/physical): 512 bytes / 4096 bytes
I/O size (minimum/optimal): 4096 bytes / 4096 bytes
Disklabel type: gpt
Disk identifier: FD3DC972-79C7-4529-BFF1-222C5855649A

Device     Start        End    Sectors  Size Type
/dev/sdb1   2048 7814035455 7814033408  3,6T Microsoft basic data
